[    0.000000] Linux version 4.15.0-212-generic (buildd@lcy02-amd64-083) (gcc version 7.5.0 (Ubuntu 7.5.0-3ubuntu1~18.04)) #223-Ubuntu SMP Tue May 23 13:09:22 UTC 2023 (Ubuntu 4.15.0-212.223-generic 4.15.18)
[    0.000000] Command line: BOOT_IMAGE=/boot/vmlinuz-4.15.0-212-generic root=LABEL=cloudimg-rootfs ro console=tty1 console=ttyS0
[    0.000000] KERNEL supported cpus:
[    0.000000]   Intel GenuineIntel
[    0.000000]   AMD AuthenticAMD
[    0.000000]   Centaur CentaurHauls
[    0.000000] [Firmware Bug]: TSC doesn't count with P0 frequency!
[    0.000000] x86/fpu: x87 FPU will use FXSAVE
[    0.000000] e820: BIOS-provided physical RAM map:
[    0.000000] BIOS-e820: [mem 0x0000000000000000-0x000000000009fbff] usable
[    0.000000] BIOS-e820: [mem 0x000000000009fc00-0x000000000009ffff] reserved
[    0.000000] BIOS-e820: [mem 0x00000000000f0000-0x00000000000fffff] reserved
[    0.000000] BIOS-e820: [mem 0x0000000000100000-0x000000001ffeffff] usable
[    0.000000] BIOS-e820: [mem 0x000000001fff0000-0x000000001fffffff] ACPI data
[    0.000000] BIOS-e820: [mem 0x00000000fec00000-0x00000000fec00fff] reserved
[    0.000000] BIOS-e820: [mem 0x00000000fee00000-0x00000000fee00fff] reserved
[    0.000000] BIOS-e820: [mem 0x00000000fffc0000-0x00000000ffffffff] reserved
[    0.000000] NX (Execute Disable) protection: active
[    0.000000] SMBIOS 2.5 present.
[    0.000000] DMI: innotek GmbH VirtualBox/VirtualBox, BIOS VirtualBox 12/01/2006
[    0.000000] Hypervisor detected: KVM
[    0.000000] e820: last_pfn = 0x1fff0 max_arch_pfn = 0x400000000
[    0.000000] MTRR: Disabled
[    0.000000] x86/PAT: MTRRs disabled, skipping PAT initialization too.
[    0.000000] CPU MTRRs all blank - virtualized system.
[    0.000000] x86/PAT: Configuration [0-7]: WB  WT  UC- UC  WB  WT  UC- UC  
[    0.000000] found SMP MP-table at [mem 0x0009fff0-0x0009ffff]
[    0.000000] Scanning 1 areas for low memory corruption
[    0.000000] RAMDISK: [mem 0x1dafa000-0x1ee0bfff]
[    0.000000] ACPI: Early table checksum verification disabled
[    0.000000] ACPI: RSDP 0x00000000000E0000 000024 (v02 VBOX  )
[    0.000000] ACPI: XSDT 0x000000001FFF0030 00003C (v01 VBOX   VBOXXSDT 00000001 ASL  00000061)
[    0.000000] ACPI: FACP 0x000000001FFF00F0 0000F4 (v04 VBOX   VBOXFACP 00000001 ASL  00000061)
[    0.000000] ACPI: DSDT 0x000000001FFF0610 002353 (v02 VBOX   VBOXBIOS 00000002 INTL 20100528)
[    0.000000] ACPI: FACS 0x000000001FFF0200 000040
[    0.000000] ACPI: FACS 0x000000001FFF0200 000040
[    0.000000] ACPI: APIC 0x000000001FFF0240 000054 (v02 VBOX   VBOXAPIC 00000001 ASL  00000061)
[    0.000000] ACPI: SSDT 0x000000001FFF02A0 00036C (v01 VBOX   VBOXCPUT 00000002 INTL 20100528)
[    0.000000] ACPI: Reserving FACP table memory at [mem 0x1fff00f0-0x1fff01e3]
[    0.000000] ACPI: Reserving DSDT table memory at [mem 0x1fff0610-0x1fff2962]
[    0.000000] ACPI: Reserving FACS table memory at [mem 0x1fff0200-0x1fff023f]
[    0.000000] ACPI: Reserving FACS table memory at [mem 0x1fff0200-0x1fff023f]
[    0.000000] ACPI: Reserving APIC table memory at [mem 0x1fff0240-0x1fff0293]
[    0.000000] ACPI: Reserving SSDT table memory at [mem 0x1fff02a0-0x1fff060b]
[    0.000000] No NUMA configuration found
[    0.000000] Faking a node at [mem 0x0000000000000000-0x000000001ffeffff]
[    0.000000] NODE_DATA(0) allocated [mem 0x1ffc5000-0x1ffeffff]
[    0.000000] kvm-clock: cpu 0, msr 0:1ff44001, primary cpu clock
[    0.000000] kvm-clock: Using msrs 4b564d01 and 4b564d00
[    0.000000] kvm-clock: using sched offset of 3871495760 cycles
[    0.000000] clocksource: kvm-clock: mask: 0xffffffffffffffff max_cycles: 0x1cd42e4dffb, max_idle_ns: 881590591483 ns
[    0.000000] Zone ranges:
[    0.000000]   DMA      [mem 0x0000000000001000-0x0000000000ffffff]
[    0.000000]   DMA32    [mem 0x0000000001000000-0x000000001ffeffff]
[    0.000000]   Normal   empty
[    0.000000]   Device   empty
[    0.000000] Movable zone start for each node
[    0.000000] Early memory node ranges
[    0.000000]   node   0: [mem 0x0000000000001000-0x000000000009efff]
[    0.000000]   node   0: [mem 0x0000000000100000-0x000000001ffeffff]
[    0.000000] Reserved but unavailable: 104 pages
[    0.000000] Initmem setup node 0 [mem 0x0000000000001000-0x000000001ffeffff]
[    0.000000] ACPI: PM-Timer IO Port: 0x4008
[    0.000000] IOAPIC[0]: apic_id 1, version 32, address 0xfec00000, GSI 0-23
[    0.000000] ACPI: INT_SRC_OVR (bus 0 bus_irq 0 global_irq 2 dfl dfl)
[    0.000000] ACPI: INT_SRC_OVR (bus 0 bus_irq 9 global_irq 9 low level)
[    0.000000] Using ACPI (MADT) for SMP configuration information
[    0.000000] smpboot: Allowing 1 CPUs, 0 hotplug CPUs
[    0.000000] PM: Registered nosave memory: [mem 0x00000000-0x00000fff]
[    0.000000] PM: Registered nosave memory: [mem 0x0009f000-0x0009ffff]
[    0.000000] PM: Registered nosave memory: [mem 0x000a0000-0x000effff]
[    0.000000] PM: Registered nosave memory: [mem 0x000f0000-0x000fffff]
[    0.000000] e820: [mem 0x20000000-0xfebfffff] available for PCI devices
[    0.000000] Booting paravirtualized kernel on KVM
[    0.000000] clocksource: refined-jiffies: mask: 0xffffffff max_cycles: 0xffffffff, max_idle_ns: 7645519600211568 ns
[    0.000000] setup_percpu: NR_CPUS:8192 nr_cpumask_bits:1 nr_cpu_ids:1 nr_node_ids:1
[    0.000000] percpu: Embedded 50 pages/cpu s167936 r8192 d28672 u2097152
[    0.000000] PV qspinlock hash table entries: 256 (order: 0, 4096 bytes)
[    0.000000] Built 1 zonelists, mobility grouping on.  Total pages: 128889
[    0.000000] Policy zone: DMA32
[    0.000000] Kernel command line: BOOT_IMAGE=/boot/vmlinuz-4.15.0-212-generic root=LABEL=cloudimg-rootfs ro console=tty1 console=ttyS0
[    0.000000] Memory: 466748K/523832K available (12300K kernel code, 2477K rwdata, 4324K rodata, 2480K init, 2720K bss, 57084K reserved, 0K cma-reserved)
[    0.000000] SLUB: HWalign=64, Order=0-3, MinObjects=0, CPUs=1, Nodes=1
[    0.000000] ftrace: allocating 39508 entries in 155 pages
[    0.004000] Hierarchical RCU implementation.
[    0.004000] 	RCU restricting CPUs from NR_CPUS=8192 to nr_cpu_ids=1.
[    0.004000] 	Tasks RCU enabled.
[    0.004000] RCU: Adjusting geometry for rcu_fanout_leaf=16, nr_cpu_ids=1
[    0.004000] NR_IRQS: 524544, nr_irqs: 256, preallocated irqs: 16
[    0.004000] random: crng init done
[    0.004000] Console: colour VGA+ 80x25
[    0.004000] console [tty1] enabled
[    0.004000] console [ttyS0] enabled
[    0.004000] ACPI: Core revision 20170831
[    0.004000] ACPI: 2 ACPI AML tables successfully acquired and loaded
[    0.004000] APIC: Switch to symmetric I/O mode setup
[    0.008000] ..TIMER: vector=0x30 apic1=0 pin1=2 apic2=-1 pin2=-1
[    0.008007] tsc: Detected 3293.730 MHz processor
[    0.012013] Calibrating delay loop (skipped) preset value.. 6587.46 BogoMIPS (lpj=13174920)
[    0.016010] pid_max: default: 32768 minimum: 301
[    0.020036] Security Framework initialized
[    0.024007] Yama: becoming mindful.
[    0.028029] AppArmor: AppArmor initialized
[    0.032089] Dentry cache hash table entries: 65536 (order: 7, 524288 bytes)
[    0.036045] Inode-cache hash table entries: 32768 (order: 6, 262144 bytes)
[    0.040035] Mount-cache hash table entries: 1024 (order: 1, 8192 bytes)
[    0.044016] Mountpoint-cache hash table entries: 1024 (order: 1, 8192 bytes)
[    0.052859] CPU0: Hyper-Threading is disabled
[    0.056091] Last level iTLB entries: 4KB 512, 2MB 512, 4MB 256
[    0.060011] Last level dTLB entries: 4KB 2048, 2MB 2048, 4MB 1024, 1GB 0
[    0.064009] Spectre V1 : Mitigation: usercopy/swapgs barriers and __user pointer sanitization
[    0.068008] Spectre V2 : Mitigation: Retpolines
[    0.072004] Spectre V2 : Spectre v2 / SpectreRSB mitigation: Filling RSB on context switch
[    0.076004] Spectre V2 : Spectre v2 / SpectreRSB : Filling RSB on VMEXIT
[    0.084000] Freeing SMP alternatives memory: 36K
[    0.192005] APIC calibration not consistent with PM-Timer: 98ms instead of 100ms
[    0.196000] APIC delta adjusted to PM-Timer: 6236124 (6114435)
[    0.196489] smpboot: CPU0: AMD Ryzen 5 5600H with Radeon Graphics (family: 0x19, model: 0x50, stepping: 0x0)
[    0.200103] Performance Events: PMU not available due to virtualization, using software events only.
[    0.204059] Hierarchical SRCU implementation.
[    0.208607] NMI watchdog: Perf event create on CPU 0 failed with -2
[    0.212007] NMI watchdog: Perf NMI watchdog permanently disabled
[    0.216067] smp: Bringing up secondary CPUs ...
[    0.220008] smp: Brought up 1 node, 1 CPU
[    0.224006] smpboot: Max logical packages: 1
[    0.228008] smpboot: Total of 1 processors activated (6587.46 BogoMIPS)
[    0.232201] devtmpfs: initialized
[    0.236055] x86/mm: Memory block size: 128MB
[    0.240128] evm: security.selinux
[    0.244006] evm: security.SMACK64
[    0.247188] evm: security.SMACK64EXEC
[    0.248008] evm: security.SMACK64TRANSMUTE
[    0.252003] evm: security.SMACK64MMAP
[    0.256003] evm: security.apparmor
[    0.259519] evm: security.ima
[    0.260003] evm: security.capability
[    0.264164] clocksource: jiffies: mask: 0xffffffff max_cycles: 0xffffffff, max_idle_ns: 7645041785100000 ns
[    0.268029] futex hash table entries: 256 (order: 2, 16384 bytes)
[    0.272062] pinctrl core: initialized pinctrl subsystem
[    0.276430] RTC time:  2:09:03, date: 11/08/24
[    0.280147] NET: Registered protocol family 16
[    0.284075] audit: initializing netlink subsys (disabled)
[    0.288159] cpuidle: using governor ladder
[    0.292009] audit: type=2000 audit(1731031748.296:1): state=initialized audit_enabled=0 res=1
[    0.296006] cpuidle: using governor menu
[    0.302911] ACPI: bus type PCI registered
[    0.304007] acpiphp: ACPI Hot Plug PCI Controller Driver version: 0.5
[    0.312006] PCI: Using configuration type 1 for base access
[    0.316005] PCI: Using configuration type 1 for extended access
[    0.320922] HugeTLB registered 2.00 MiB page size, pre-allocated 0 pages
[    0.324245] ACPI: Added _OSI(Module Device)
[    0.328009] ACPI: Added _OSI(Processor Device)
[    0.332006] ACPI: Added _OSI(3.0 _SCP Extensions)
[    0.336004] ACPI: Added _OSI(Processor Aggregator Device)
[    0.340018] ACPI: Added _OSI(Linux-Dell-Video)
[    0.344027] ACPI: Added _OSI(Linux-Lenovo-NV-HDMI-Audio)
[    0.348005] ACPI: Added _OSI(Linux-HPI-Hybrid-Graphics)
[    0.356184] ACPI: Executed 1 blocks of module-level executable AML code
[    0.364823] ACPI: Interpreter enabled
[    0.368018] ACPI: (supports S0 S5)
[    0.370889] ACPI: Using IOAPIC for interrupt routing
[    0.372389] PCI: Using host bridge windows from ACPI; if necessary, use "pci=nocrs" and report a bug
[    0.376242] ACPI: Enabled 2 GPEs in block 00 to 07
[    0.393028] ACPI: PCI Root Bridge [PCI0] (domain 0000 [bus 00-ff])
[    0.396010] acpi PNP0A03:00: _OSC: OS supports [ExtendedConfig ASPM ClockPM Segments MSI]
[    0.404113] acpi PNP0A03:00: _OSC: platform does not support [PCIeCapability]
[    0.408705] acpi PNP0A03:00: _OSC: not requesting control; platform does not support [PCIeCapability]
[    0.412004] acpi PNP0A03:00: _OSC: OS requested [PCIeHotplug PME AER PCIeCapability]
[    0.416008] acpi PNP0A03:00: _OSC: platform willing to grant [PCIeHotplug PME AER]
[    0.420005] acpi PNP0A03:00: _OSC failed (AE_SUPPORT); disabling ASPM
[    0.424768] PCI host bridge to bus 0000:00
[    0.428004] pci_bus 0000:00: root bus resource [io  0x0000-0x0cf7 window]
[    0.432004] pci_bus 0000:00: root bus resource [io  0x0d00-0xffff window]
[    0.436005] pci_bus 0000:00: root bus resource [mem 0x000a0000-0x000bffff window]
[    0.440011] pci_bus 0000:00: root bus resource [mem 0x20000000-0xfdffffff window]
[    0.444013] pci_bus 0000:00: root bus resource [bus 00-ff]
[    0.457993] pci 0000:00:01.1: legacy IDE quirk: reg 0x10: [io  0x01f0-0x01f7]
[    0.460005] pci 0000:00:01.1: legacy IDE quirk: reg 0x14: [io  0x03f6]
[    0.464004] pci 0000:00:01.1: legacy IDE quirk: reg 0x18: [io  0x0170-0x0177]
[    0.468003] pci 0000:00:01.1: legacy IDE quirk: reg 0x1c: [io  0x0376]
[    0.495232] pci 0000:00:07.0: quirk: [io  0x4000-0x403f] claimed by PIIX4 ACPI
[    0.496049] pci 0000:00:07.0: quirk: [io  0x4100-0x410f] claimed by PIIX4 SMB
[    0.510683] ACPI: PCI Interrupt Link [LNKA] (IRQs 5 9 10 *11)
[    0.512510] ACPI: PCI Interrupt Link [LNKB] (IRQs 5 9 *10 11)
[    0.516200] ACPI: PCI Interrupt Link [LNKC] (IRQs 5 *9 10 11)
[    0.520202] ACPI: PCI Interrupt Link [LNKD] (IRQs 5 9 10 *11)
[    0.524383] SCSI subsystem initialized
[    0.528097] pci 0000:00:02.0: vgaarb: setting as boot VGA device
[    0.532000] pci 0000:00:02.0: vgaarb: VGA device added: decodes=io+mem,owns=io+mem,locks=none
[    0.532004] pci 0000:00:02.0: vgaarb: bridge control possible
[    0.536002] vgaarb: loaded
[    0.540022] ACPI: bus type USB registered
[    0.544018] usbcore: registered new interface driver usbfs
[    0.548011] usbcore: registered new interface driver hub
[    0.552011] usbcore: registered new device driver usb
[    0.556050] EDAC MC: Ver: 3.0.0
[    0.560904] PCI: Using ACPI for IRQ routing
[    0.564749] NetLabel: Initializing
[    0.568002] NetLabel:  domain hash size = 128
[    0.572002] NetLabel:  protocols = UNLABELED CIPSOv4 CALIPSO
[    0.576025] NetLabel:  unlabeled traffic allowed by default
[    0.580161] clocksource: Switched to clocksource kvm-clock
[    0.636067] VFS: Disk quotas dquot_6.6.0
[    0.644106] VFS: Dquot-cache hash table entries: 512 (order 0, 4096 bytes)
[    0.650361] AppArmor: AppArmor Filesystem Enabled
[    0.654741] pnp: PnP ACPI init
[    0.659418] pnp: PnP ACPI: found 3 devices
[    0.671276] clocksource: acpi_pm: mask: 0xffffff max_cycles: 0xffffff, max_idle_ns: 2085701024 ns
[    0.678976] NET: Registered protocol family 2
[    0.683390] IP idents hash table entries: 8192 (order: 4, 65536 bytes)
[    0.689249] TCP established hash table entries: 4096 (order: 3, 32768 bytes)
[    0.695272] TCP bind hash table entries: 4096 (order: 4, 65536 bytes)
[    0.700857] TCP: Hash tables configured (established 4096 bind 4096)
[    0.706414] UDP hash table entries: 256 (order: 1, 8192 bytes)
[    0.711275] UDP-Lite hash table entries: 256 (order: 1, 8192 bytes)
[    0.716970] NET: Registered protocol family 1
[    0.720795] pci 0000:00:00.0: Limiting direct PCI/PCI transfers
[    0.725827] pci 0000:00:01.0: Activating ISA DMA hang workarounds
[    0.732642] pci 0000:00:02.0: Video device with shadowed ROM at [mem 0x000c0000-0x000dffff]
[    0.741785] Unpacking initramfs...
[    1.252222] Freeing initrd memory: 19528K
[    1.256148] clocksource: tsc: mask: 0xffffffffffffffff max_cycles: 0x2f7a290c50b, max_idle_ns: 440795224901 ns
[    1.265319] platform rtc_cmos: registered platform RTC device (no PNP device found)
[    1.273852] Scanning for low memory corruption every 60 seconds
[    1.280844] Initialise system trusted keyrings
[    1.285792] Key type blacklist registered
[    1.289370] workingset: timestamp_bits=36 max_order=17 bucket_order=0
[    1.297428] zbud: loaded
[    1.300927] squashfs: version 4.0 (2009/01/31) Phillip Lougher
[    1.306271] fuse init (API version 7.26)
[    1.313476] Key type asymmetric registered
[    1.318185] Asymmetric key parser 'x509' registered
[    1.324124] Block layer SCSI generic (bsg) driver version 0.4 loaded (major 246)
[    1.331809] io scheduler noop registered
[    1.335958] io scheduler deadline registered
[    1.340804] io scheduler cfq registered (default)
[    1.346273] ACPI: AC Adapter [AC] (on-line)
[    1.350586] input: Power Button as /devices/LNXSYSTM:00/LNXPWRBN:00/input/input0
[    1.358504] ACPI: Power Button [PWRF]
[    1.362830] input: Sleep Button as /devices/LNXSYSTM:00/LNXSLPBN:00/input/input1
[    1.370123] ACPI: Sleep Button [SLPF]
[    1.376093] ACPI: Battery Slot [BAT0] (battery present)
[    1.381706] Serial: 8250/16550 driver, 32 ports, IRQ sharing enabled
[    1.420918] 00:02: ttyS0 at I/O 0x3f8 (irq = 4, base_baud = 115200) is a 16550A
[    1.431166] Linux agpgart interface v0.103
[    1.438950] loop: module loaded
[    1.443610] scsi host0: ata_piix
[    1.447081] scsi host1: ata_piix
[    1.450885] ata1: PATA max UDMA/33 cmd 0x1f0 ctl 0x3f6 bmdma 0xd000 irq 14
[    1.458881] ata2: PATA max UDMA/33 cmd 0x170 ctl 0x376 bmdma 0xd008 irq 15
[    1.469261] tun: Universal TUN/TAP device driver, 1.6
[    1.475359] PPP generic driver version 2.4.2
[    1.480774] ehci_hcd: USB 2.0 'Enhanced' Host Controller (EHCI) Driver
[    1.488061] ehci-pci: EHCI PCI platform driver
[    1.491935] ehci-platform: EHCI generic platform driver
[    1.496568] ohci_hcd: USB 1.1 'Open' Host Controller (OHCI) Driver
[    1.501936] ohci-pci: OHCI PCI platform driver
[    1.506462] ohci-platform: OHCI generic platform driver
[    1.510941] uhci_hcd: USB Universal Host Controller Interface driver
[    1.516350] i8042: PNP: PS/2 Controller [PNP0303:PS2K,PNP0f03:PS2M] at 0x60,0x64 irq 1,12
[    1.527149] serio: i8042 KBD port at 0x60,0x64 irq 1
[    1.531409] serio: i8042 AUX port at 0x60,0x64 irq 12
[    1.536606] mousedev: PS/2 mouse device common for all mice
[    1.542658] input: AT Translated Set 2 keyboard as /devices/platform/i8042/serio0/input/input2
[    1.551039] rtc_cmos rtc_cmos: rtc core: registered rtc_cmos as rtc0
[    1.557418] rtc_cmos rtc_cmos: alarms up to one day, 114 bytes nvram
[    1.562844] i2c /dev entries driver
[    1.565981] device-mapper: uevent: version 1.0.3
[    1.569958] device-mapper: ioctl: 4.37.0-ioctl (2017-09-20) initialised: dm-devel@redhat.com
[    1.577318] ledtrig-cpu: registered to indicate activity on CPUs
[    1.582804] NET: Registered protocol family 10
[    1.589763] Segment Routing with IPv6
[    1.592943] NET: Registered protocol family 17
[    1.596801] Key type dns_resolver registered
[    1.600708] mce: Using 0 MCE banks
[    1.603673] RAS: Correctable Errors collector initialized.
[    1.608336] sched_clock: Marking stable (1608255958, 0)->(2371690903, -763434945)
[    1.614788] registered taskstats version 1
[    1.618313] Loading compiled-in X.509 certificates
[    1.624255] Loaded X.509 cert 'Build time autogenerated kernel key: b5b26778eaa3ab3a4a6cee031137706e947d12ad'
[    1.688622] Loaded X.509 cert 'Canonical Ltd. Live Patch Signing: 14df34d1a87cf37625abec039ef2bf521249b969'
[    1.699880] Loaded X.509 cert 'Canonical Ltd. Kernel Module Signing: 88f752e560a1e0737e31163a466ad7b70a850c19'
[    1.711325] blacklist: Loading compiled-in revocation X.509 certificates
[    1.717393] Loaded X.509 cert 'Canonical Ltd. Secure Boot Signing: 61482aa2830d0ab2ad5af10b7250da9033ddcef0'
[    1.725944] Loaded X.509 cert 'Canonical Ltd. Secure Boot Signing (2017): 242ade75ac4a15e50d50c84b0d45ff3eae707a03'
[    1.734696] Loaded X.509 cert 'Canonical Ltd. Secure Boot Signing (ESM 2018): 365188c1d374d6b07c3c8f240f8ef722433d6a8b'
[    1.743669] Loaded X.509 cert 'Canonical Ltd. Secure Boot Signing (2019): c0746fd6c5da3ae827864651ad66ae47fe24b3e8'
[    1.752382] Loaded X.509 cert 'Canonical Ltd. Secure Boot Signing (2021 v1): a8d54bbb3825cfb94fa13c9f8a594a195c107b8d'
[    1.761212] Loaded X.509 cert 'Canonical Ltd. Secure Boot Signing (2021 v2): 4cf046892d6fd3c9a5b03f98d845f90851dc6a8c'
[    1.770146] Loaded X.509 cert 'Canonical Ltd. Secure Boot Signing (2021 v3): 100437bb6de6e469b581e61cd66bce3ef4ed53af'
[    1.778960] Loaded X.509 cert 'Canonical Ltd. Secure Boot Signing (Ubuntu Core 2019): c1d57b8f6b743f23ee41f4f7ee292f06eecadfb9'
[    1.788497] zswap: loaded using pool lzo/zbud
[    1.796279] Key type big_key registered
[    1.800509] Key type trusted registered
[    1.806310] Key type encrypted registered
[    1.810686] AppArmor: AppArmor sha1 policy hashing enabled
[    1.815750] ima: No TPM chip found, activating TPM-bypass! (rc=-19)
[    1.821465] ima: Allocated hash algorithm: sha1
[    1.825527] evm: HMAC attrs: 0x1
[    1.829738]   Magic number: 0:457:156
[    1.833233] rtc_cmos rtc_cmos: setting system clock to 2024-11-08 02:09:05 UTC (1731031745)
[    1.840787] BIOS EDD facility v0.16 2004-Jun-25, 0 devices found
[    1.845964] EDD information not available.
[    1.853433] Freeing unused kernel image memory: 2480K
[    1.864080] Write protecting the kernel read-only data: 20480k
[    1.869775] Freeing unused kernel image memory: 2008K
[    1.874277] Freeing unused kernel image memory: 1820K
[    1.881613] x86/mm: Checked W+X mappings: passed, no W+X pages found.
Loading, please wait...
starting version 237
[    2.003556] e1000: Intel(R) PRO/1000 Network Driver - version 7.3.21-k8-NAPI
[    2.010386] e1000: Copyright (c) 1999-2006 Intel Corporation.
[    2.020784] Fusion MPT base driver 3.04.20
[    2.025601] Copyright (c) 1999-2008 LSI Corporation
[    2.084108] SSE version of gcm_enc/dec engaged.
[    2.102828] Fusion MPT SPI Host driver 3.04.20
[    2.310937] input: ImExPS/2 Generic Explorer Mouse as /devices/platform/i8042/serio1/input/input4
[    2.811557] e1000 0000:00:03.0 eth0: (PCI:33MHz:32-bit) 02:3b:7b:b7:3b:2d
[    2.818230] e1000 0000:00:03.0 eth0: Intel(R) PRO/1000 Network Connection
[    2.825571] mptbase: ioc0: Initiating bringup
[    2.942398] ioc0: LSI53C1030 A0: Capabilities={Initiator}
[    3.198769] scsi host2: ioc0: LSI53C1030 A0, FwRev=00000000h, Ports=1, MaxQ=256, IRQ=20
[    3.373773] scsi 2:0:0:0: Direct-Access     VBOX     HARDDISK         1.0  PQ: 0 ANSI: 5
[    3.383413] scsi target2:0:0: Beginning Domain Validation
[    3.394684] scsi target2:0:0: Domain Validation skipping write tests
[    3.401591] scsi target2:0:0: Ending Domain Validation
[    3.407644] scsi target2:0:0: asynchronous
[    3.414291] scsi 2:0:1:0: Direct-Access     VBOX     HARDDISK         1.0  PQ: 0 ANSI: 5
[    3.432461] scsi target2:0:1: Beginning Domain Validation
[    3.483420] scsi target2:0:1: Domain Validation skipping write tests
[    3.488961] scsi target2:0:1: Ending Domain Validation
[    3.502773] scsi target2:0:1: asynchronous
[    3.594708] sd 2:0:0:0: [sda] 83886080 512-byte logical blocks: (42.9 GB/40.0 GiB)
[    3.601346] sd 2:0:0:0: Attached scsi generic sg0 type 0
[    3.614477] sd 2:0:1:0: [sdb] 20480 512-byte logical blocks: (10.5 MB/10.0 MiB)
[    3.621000] sd 2:0:1:0: Attached scsi generic sg1 type 0
[    3.625872] sd 2:0:0:0: [sda] Write Protect is off
[    3.638211] sd 2:0:1:0: [sdb] Write Protect is off
[    3.643004] sd 2:0:0:0: [sda] Incomplete mode parameter data
[    3.647824] sd 2:0:0:0: [sda] Assuming drive cache: write through
[    3.653593] sd 2:0:1:0: [sdb] Incomplete mode parameter data
[    3.658600] sd 2:0:1:0: [sdb] Assuming drive cache: write through
[    3.674565]  sda: sda1
[    3.689565] sd 2:0:0:0: [sda] Attached SCSI disk
[    3.695497] sd 2:0:1:0: [sdb] Attached SCSI disk
[    4.169978] e1000 0000:00:08.0 eth1: (PCI:33MHz:32-bit) 08:00:27:03:fa:69
[    4.175666] e1000 0000:00:08.0 eth1: Intel(R) PRO/1000 Network Connection
[    4.182667] e1000 0000:00:08.0 enp0s8: renamed from eth1
[    4.196995] e1000 0000:00:03.0 enp0s3: renamed from eth0
Begin: Loading essential drivers ... [    5.804065] raid6: sse2x1   gen()  6743 MB/s
[    5.856224] raid6: sse2x1   xor() 11261 MB/s
[    5.908078] raid6: sse2x2   gen() 12996 MB/s
[    5.968599] raid6: sse2x2   xor() 17965 MB/s
[    6.032126] raid6: sse2x4   gen() 22212 MB/s
[    6.084142] raid6: sse2x4   xor()  9761 MB/s
[    6.088167] raid6: using algorithm sse2x4 gen() 22212 MB/s
[    6.093050] raid6: .... xor() 9761 MB/s, rmw enabled
[    6.097295] raid6: using ssse3x2 recovery algorithm
[    6.102992] xor: measuring software checksum speed
[    6.208102]    prefetch64-sse: 47478.000 MB/sec
[    6.310712]    generic_sse: 44320.000 MB/sec
[    6.314577] xor: using function: prefetch64-sse (47478.000 MB/sec)
[    6.321355] async_tx: api initialized (async)
done.
Begin: Running /scripts/init-premount ... done.
Begin: Mounting root file system ... Begin: Running /scripts/local-top ... done.
Begin: Running /scripts/local-premount ... [    6.374428] Btrfs loaded, crc32c=crc32c-intel
Scanning for Btrfs filesystems
done.
Warning: fsck not present, so skipping root file system
[    6.438693] EXT4-fs (sda1): mounted filesystem with ordered data mode. Opts: (null)
done.
Begin: Running /scripts/local-bottom ... done.
Begin: Running /scripts/init-bottom ... done.
[    6.675436] ip_tables: (C) 2000-2006 Netfilter Core Team
[    6.695320] systemd[1]: systemd 237 running in system mode. (+PAM +AUDIT +SELINUX +IMA +APPARMOR +SMACK +SYSVINIT +UTMP +LIBCRYPTSETUP +GCRYPT +GNUTLS +ACL +XZ +LZ4 +SECCOMP +BLKID +ELFUTILS +KMOD -IDN2 +IDN -PCRE2 default-hierarchy=hybrid)
[    6.713003] systemd[1]: Detected virtualization oracle.
[    6.717443] systemd[1]: Detected architecture x86-64.

Welcome to [1mUbuntu 18.04.6 LTS[0m!

[    6.727197] systemd[1]: Set hostname to <ubuntu-bionic>.
[    7.064826] systemd[1]: Set up automount Arbitrary Executable File Formats File System Automount Point.
[[0;32m  OK  [0m] Set up automount Arbitrary Executabâ€¦rmats File System Automount Point.
[    7.077700] systemd[1]: Reached target Mounting snaps.
[[0;32m  OK  [0m] Reached target Mounting snaps.
[    7.085589] systemd[1]: Reached target Mounted snaps.
[[0;32m  OK  [0m] Reached target Mounted snaps.
[    7.093470] systemd[1]: Started Forward Password Requests to Wall Directory Watch.
[[0;32m  OK  [0m] Started Forward Password Requests to Wall Directory Watch.
[    7.104729] systemd[1]: Created slice System Slice.
[[0;32m  OK  [0m] Created slice System Slice.
[    7.112519] systemd[1]: Listening on Device-mapper event daemon FIFOs.
[[0;32m  OK  [0m] Listening on Device-mapper event daemon FIFOs.
[[0;32m  OK  [0m] Created slice system-serial\x2dgetty.slice.
[[0;32m  OK  [0m] Listening on Network Service Netlink Socket.
[[0;32m  OK  [0m] Listening on /dev/initctl Compatibility Named Pipe.
[[0;32m  OK  [0m] Listening on Syslog Socket.
[[0;32m  OK  [0m] Reached target Swap.
[[0;32m  OK  [0m] Listening on Journal Socket.
[[0;32m  OK  [0m] Created slice User and Session Slice.
[[0;32m  OK  [0m] Listening on Journal Audit Socket.
[[0;32m  OK  [0m] Listening on udev Kernel Socket.
[[0;32m  OK  [0m] Listening on LVM2 poll daemon socket.
         Mounting POSIX Message Queue File System...
[[0;32m  OK  [0m] Reached target User and Group Name Lookups.
[[0;32m  OK  [0m] Listening on LVM2 metadata daemon socket.
         Starting Monitoring of LVM2 mirrorsâ€¦ng dmeventd or progress polling...
[[0;32m  OK  [0m] Listening on udev Control Socket.
[[0;32m  OK  [0m] Reached target System Time Synchronized.
[[0;32m  OK  [0m] Reached target Slices.
         Starting udev Coldplug all Devices...
         Starting Uncomplicated firewall...
         Starting Load Kernel Modules...
         Starting Set the console keyboard layout...
         Starting Create list of required stâ€¦ce nodes for the current kernel...
[[0;32m  OK  [0m] Listening on Journal Socket (/dev/log).
[    7.276085] Loading iSCSI transport class v2.0-870.
         Starting Journal Service...
         Mounting Huge Pages File System...
[[0;32m  OK  [0m] Listening on fsck to fsckd communication Socket.
         Starting File System Check on Root Device...
         Mounting Kernel Debug File System...
[[0;32m  OK  [0m] [    7.324896] iscsi: registered transport (tcp)
Mounted POSIX Message Queue File System.
[[0;32m  OK  [0m] Started Uncomplicated firewall.
[[0;32m  OK  [0m] Started Create list of required staâ€¦vice nodes for the current kernel.
[[0;32m  OK  [0m] Mounted Huge Pages File System.
[[0;32m  OK  [0m] Started Journal Service.
[[0;32m  OK  [0m] Mounted Kernel Debug File System.
[[0;32m  OK  [0m] Started File System Check Daemon to report status.
[[0;32m  OK  [0m] Started LVM2 metadata daemon.
         Starting Create Static Device Nodes in /dev...
[[0;32m  OK  [0m] Started File System Check on Root Device.
[[0;32m  OK  [0m] Started udev Coldplug all Devices.
         Starting Remount Root and Kernel File Systems...
[[0;32m  OK  [0m] Started Create Static Device Nodes in /dev.
[    7.482305] iscsi: registered transport (iser)
[[0;32m  OK  [0m] Started Load Kernel Modules.
         Mounting FUSE Control File System...
         Starting Apply Kernel Variables...
         Mounting Kernel Configuration File System...[    7.524602] EXT4-fs (sda1): re-mounted. Opts: (null)

[[0;32m  OK  [0m] Started Set the console keyboard layout.
[[0;32m  OK  [0m] Started Monitoring of LVM2 mirrors,â€¦sing dmeventd or progress polling.
[[0;32m  OK  [0m] Started Remount Root and Kernel File Systems.
[[0;32m  OK  [0m] Mounted FUSE Control File System.
[[0;32m  OK  [0m] Started Apply Kernel Variables.
[[0;32m  OK  [0m] Mounted Kernel Configuration File System.
         Starting Load/Save Random Seed...
         Starting udev Kernel Device Manager...
         Starting Flush Journal to Persistent Storage...
[[0;32m  OK  [0m] Reached target Local File Systems (Pre).
[[0;32m  OK  [0m] Reached target Local File Systems.
         Starting Tell Plymouth To Write Out Runtime Data...
         Starting AppArmor initialization...
         Starting Set console font and keymap...
         Starting ebtables ruleset management...
[[0;32m  OK  [0m] Started Load/Save Random Seed.
[[0;32m  OK  [0m] Started Tell Plymouth To Write Out Runtime Data.
[[0;32m  OK  [0m] Started Set console font and keymap.
[[0;32m  OK  [0m] Started udev Kernel Device Manager.
[[0;32m  OK  [0m] Started Dispatch Password Requests to Console Directory Watch.
[[0;32m  OK  [0m] Reached target Local Encrypted Volumes.
[[0;32m  OK  [0m] Started ebtables ruleset management.
[[0;32m  OK  [0m] Started Flush Journal to Persistent Storage.
         Starting Create Volatile Files and Directories...
[[0;32m  OK  [0m] Started Create Volatile Files and Directories.
         Starting Update UTMP about System Boot/Shutdown...
[[0;32m  OK  [0m] Started Update UTMP about System Boot/Shutdown.
[[0;32m  OK  [0m] Started AppArmor initialization.
         Starting Load AppArmor profiles managed internally by snapd...
         Starting Initial cloud-init job (pre-networking)...
         Mounting Arbitrary Executable File Formats File System...
[[0;32m  OK  [0m] Found device /dev/ttyS0.
[[0;32m  OK  [0m] Mounted Arbitrary Executable File Formats File System.
[[0;32m  OK  [0m] Started Load AppArmor profiles managed internally by snapd.
[[0;32m  OK  [0m] Listening on Load/Save RF Kill Switch Status /dev/rfkill Watch.
[   10.012321] cloud-init[531]: Cloud-init v. 23.1.2-0ubuntu0~18.04.1 running 'init-local' at Fri, 08 Nov 2024 02:09:13 +0000. Up 9.88 seconds.
[[0;32m  OK  [0m] Started Initial cloud-init job (pre-networking).
[[0;32m  OK  [0m] Reached target Network (Pre).
         Starting Network Service...
[[0;32m  OK  [0m] Started Network Service.
         Starting Wait for Network to be Configured...
         Starting Network Name Resolution...
[[0;32m  OK  [0m] Started Network Name Resolution.
[[0;32m  OK  [0m] Reached target Host and Network Name Lookups.
[[0;32m  OK  [0m] Reached target Network.
[[0;32m  OK  [0m] Started Wait for Network to be Configured.
         Starting Initial cloud-init job (metadata service crawler)...
[   13.348357] cloud-init[661]: Cloud-init v. 23.1.2-0ubuntu0~18.04.1 running 'init' at Fri, 08 Nov 2024 02:09:16 +0000. Up 13.24 seconds.
[   13.361236] cloud-init[661]: ci-info: ++++++++++++++++++++++++++++++++++++++Net device info+++++++++++++++++++++++++++++++++++++++
[   13.376252] cloud-init[661]: ci-info: +--------+------+-----------------------------+---------------+--------+-------------------+
[   13.390023] cloud-init[661]: ci-info: | Device |  Up  |           Address           |      Mask     | Scope  |     Hw-Address    |
[   13.404460] cloud-init[661]: ci-info: +--------+------+-----------------------------+---------------+--------+-------------------+
[   13.418889] cloud-init[661]: ci-info: | enp0s3 | True |          10.0.2.15          | 255.255.255.0 | global | 02:3b:7b:b7:3b:2d |
[   13.433229] cloud-init[661]: ci-info: | enp0s3 | True |  fe80::3b:7bff:feb7:3b2d/64 |       .       |  link  | 02:3b:7b:b7:3b:2d |
[   13.441367] cloud-init[661]: ci-info: | enp0s8 | True |        192.168.50.12        | 255.255.255.0 | global | 08:00:27:03:fa:69 |
[   13.455480] cloud-init[661]: ci-info: | enp0s8 | True | fe80::a00:27ff:fe03:fa69/64 |       .       |  link  | 08:00:27:03:fa:69 |
[   13.467948] cloud-init[661]: ci-info: |   lo   | True |          127.0.0.1          |   255.0.0.0   |  host  |         .         |
[   13.480150] cloud-init[661]: ci-info: |   lo   | True |           ::1/128           |       .       |  host  |         .         |
[   13.487038] cloud-init[661]: ci-info: +--------+------+-----------------------------+---------------+--------+-------------------+
[   13.494434] cloud-init[661]: ci-info: +++++++++++++++++++++++++++++Route IPv4 info+++++++++++++++++++++++++++++
[   13.501445] cloud-init[661]: ci-info: +-------+--------------+----------+-----------------+-----------+-------+
[   13.511733] cloud-init[661]: ci-info: | Route | Destination  | Gateway  |     Genmask     | Interface | Flags |
[   13.526623] cloud-init[661]: ci-info: +-------+--------------+----------+-----------------+-----------+-------+
[   13.550701] cloud-init[661]: ci-info: |   0   |   0.0.0.0    | 10.0.2.2 |     0.0.0.0     |   enp0s3  |   UG  |
[   13.570562] cloud-init[661]: ci-info: |   1   |   10.0.2.0   | 0.0.0.0  |  255.255.255.0  |   enp0s3  |   U   |
[   13.586269] cloud-init[661]: ci-info: |   2   |   10.0.2.2   | 0.0.0.0  | 255.255.255.255 |   enp0s3  |   UH  |
[   13.592263] cloud-init[661]: ci-info: |   3   | 192.168.50.0 | 0.0.0.0  |  255.255.255.0  |   enp0s8  |   U   |
[   13.606885] cloud-init[661]: ci-info: +-------+--------------+----------+-----------------+-----------+-------+
[   13.628785] cloud-init[661]: ci-info: +++++++++++++++++++Route IPv6 info+++++++++++++++++++
[   13.633847] cloud-init[661]: ci-info: +-------+-------------+---------+-----------+-------+
[   13.638623] cloud-init[661]: ci-info: | Route | Destination | Gateway | Interface | Flags |
[   13.657318] cloud-init[661]: ci-info: +-------+-------------+---------+-----------+-------+
[   13.662279] cloud-init[661]: ci-info: |   1   |  fe80::/64  |    ::   |   enp0s8  |   U   |
[   13.666918] cloud-init[661]: ci-info: |   2   |  fe80::/64  |    ::   |   enp0s3  |   U   |
[[0;32m  OK  [0m] Started Initial cloud-init job (metadata service crawler).[   13.677373] cloud-init[661]: ci-info: |   4   |    local    |    ::   |   enp0s3  |   U   |
[[0;32m  OK  [0m] Reached target Cloud-config availability.
[   13.686133] cloud-init[661]: 
[[0;32m  OK  [0m] Reached target Network is Online.
         Starting Availability of block devices...
[ci-info: |   5   |    local    |    ::   |   enp0s8  |   U   |[0;32m  OK  [0m] Reached target Remote File Systems (Pre).
[   13.711358] 
         Mounting /vagrant...
cloud-init[661]: ci-info: |   6   |   ff00::/8  |    ::   |   enp0s8  |   U   |
[   13.720019] [[0;32m  OK  [0m] Reached target System Initialization.
         Starting Socket activation for snappy daemon.
         Starting LXD - unix socket.
[[0;32m  OK  [0mcloud-init[661]: ci-info: |   7   |   ff00::/8  |    ::   |   enp0s3  |   U   |] Listening on UUID daemon activation socket.
[[0;32m  OK  [0m] Listening on Open-iSCSI iscsid Socket.
[   13.759815] 
[[0;32m  OK  [0m] Started Ubuntu Advantage Timer for running repeated jobs.cloud-init[661]: ci-info: +-------+-------------+---------+-----------+-------+
[[0;32m  OK  [0m] Started ACPI Events Check.
[[0;32m  OK  [0m] 
Reached target Paths.
[[0;32m  OK  [0m] Listening on D-Bus System Message Bus Socket.
[[0;32m  OK  [0m] Started Daily Cleanup of Temporary Directories.
[[0;32m  OK  [0m] Listening on ACPID Listen Socket.
[[0;32m  OK  [0m] Listening on cloud-init hotplug hook socket.
[[0;32m  OK  [0m] Started Discard unused blocks once a week.
[[0;32m  OK  [0m] Started Message of the Day.
[[0;32m  OK  [0m] Started Daily apt download activities.
[[0;32m  OK  [0m] Started Daily apt upgrade and clean activities.
[[0;32m  OK  [0m] Reached target Timers.
[[0;32m  OK  [0m] Started Availability of block devices.
[[0;32m  OK  [0m] Mounted /vagrant.
[[0;32m  OK  [0m] Listening on Socket activation for snappy daemon.
[[0;32m  OK  [0m] Listening on LXD - unix socket.
[[0;32m  OK  [0m] Reached target Sockets.
[[0;32m  OK  [0m] Reached target Basic System.
         Starting Login Service...
[[0;32m  OK  [0m] Reached target Login Prompts (Pre).
         Starting Dispatcher daemon for systemd-networkd...
         Starting Accounts Service...
         Starting LSB: Record successful boot for GRUB...
         Starting LXD - container startup/shutdown...
[[0;32m  OK  [0m] Started Deferred execution scheduler.
[[0;32m  OK  [0m] Started FUSE filesystem for LXC.
[[0;32m  OK  [0m] Started Regular background program processing daemon.
         Starting OpenBSD Secure Shell server...
[[0;32m  OK  [0m] Started D-Bus System Message Bus.
[[0;32m  OK  [0m] Started Login Service.
[[0;32m  OK  [0m] Started Unattended Upgrades Shutdown.
         Starting Virtualbox guest utils...
         Starting Snap Daemon...
         Starting A high performance web server and a reverse proxy server...
         Starting System Logging Service...
[[0;32m  OK  [0m] Started irqbalance daemon.
[[0;32m  OK  [0m] Reached target Remote File Systems.
         Starting Permit User Sessions...
         Starting LSB: automatic crash report generation...
[[0;32m  OK  [0m] Started System Logging Service.
[[0;32m  OK  [0m] Started Dispatcher daemon for systemd-networkd.
[[0;32m  OK  [0m] Started LXD - container startup/shutdown.
[[0;32m  OK  [0m] Started Permit User Sessions.
[[0;32m  OK  [0m] Started OpenBSD Secure Shell server.
         Starting Authorization Manager...
         Starting Terminate Plymouth Boot Screen...
         Starting Hold until boot process finishes up...
[[0;32m  OK  [0m] Started Terminate Plymouth Boot Screen.
[[0;32m  OK  [0m] Started Hold until boot process finishes up.
         Starting Set console scheme...
[[0;32m  OK  [0m] Started Serial Getty on ttyS0.
[[0;32m  OK  [0m] Started Set console scheme.
[[0;32m  OK  [0m] Created slice system-getty.slice.
[[0;32m  OK  [0m] Started Getty on tty1.
[[0;32m  OK  [0m] Reached target Login Prompts.
[[0;32m  OK  [0m] Started Authorization Manager.
[[0;32m  OK  [0m] Started Accounts Service.
[[0;32m  OK  [0m] Started LSB: automatic crash report generation.
[[0;32m  OK  [0m] Started LSB: Record successful boot for GRUB.
[[0;32m  OK  [0m] Started A high performance web server and a reverse proxy server.
[[0;32m  OK  [0m] Started Virtualbox guest utils.
[[0;32m  OK  [0m] Started Snap Daemon.
         Starting Wait until snapd is fully seeded...
         Starting Time & Date Service...
[[0;32m  OK  [0m] Started Time & Date Service.
[[0;32m  OK  [0m] Started Wait until snapd is fully seeded.
         Starting Apply the settings specified in cloud-config...
[   16.204150] cloud-init[1000]: Cloud-init v. 23.1.2-0ubuntu0~18.04.1 running 'modules:config' at Fri, 08 Nov 2024 02:09:19 +0000. Up 16.12 seconds.
[[0;32m  OK  [0m] Started Apply the settings specified in cloud-config.
[[0;32m  OK  [0m] Reached target Multi-User System.
[[0;32m  OK  [0m] Reached target Graphical Interface.
         Starting Execute cloud user/final scripts...
         Starting Update UTMP about System Runlevel Changes...
[[0;32m  OK  [0m] Started Update UTMP about System Runlevel Changes.
[   16.684419] cloud-init[1032]: Cloud-init v. 23.1.2-0ubuntu0~18.04.1 running 'modules:final' at Fri, 08 Nov 2024 02:09:20 +0000. Up 16.59 seconds.
[   16.705063] cloud-init[1032]: Cloud-init v. 23.1.2-0ubuntu0~18.04.1 finished at Fri, 08 Nov 2024 02:09:20 +0000. Datasource DataSourceNoCloud [seed=/dev/sdb][dsmode=[[0;32m  OK  [0m] Stopped Unattended Upgrades Shutdo[[0;32m  OK  [0m] Stopped Unattended Upgrades Shutdown.
[[0;32m  OK  [0m] Closed Load/Save RF Kill Switch Status /dev/rfkill Watch.
[[0;32m  OK  [0m] Stopped target Cloud-init target.
[[0;32m  OK  [0m] Stopped target Graphical Interface.
[[0;32m  OK  [0m] Stopped Execute cloud user/final scripts.
[[0;32m  OK  [0m] Stopped target Multi-User System.
         Stopping FUSE filesystem for LXC...
[[0;32m  OK  [0m] Stopped Apply the settings specified in cloud-config.
         Stopping Virtualbox guest utils...
         Stopping Authorization Manager...
         Stopping Dispatcher daemon for systemd-networkd...
[[0;32m  OK  [0m] Stopped target Cloud-config availability.
[[0;32m  OK  [0m] Stopped target Timers.
[[0;32m  OK  [0m] Stopped Daily Cleanup of Temporary Directories.
         Stopping LXD - container startup/shutdown...
         Stopping Accounts Service...
         Stopping Regular background program processing daemon...
         Stopping Availability of block devices...
         Stopping Deferred execution scheduler...
[[0;32m  OK  [0m] Stopped Wait until snapd is fully seeded.
         Stopping LSB: automatic crash report generation...
         Stopping Session 4 of user vagrant.
[[0;32m  OK  [0m] Stopped Discard unused blocks once a week.
         Stopping LSB: Record successful boot for GRUB...
         Stopping D-Bus System Message Bus...
[[0;32m  OK  [0m] Stopped Ubuntu Advantage Timer for running repeated jobs.
[[0;32m  OK  [0m] Stopped Daily apt upgrade and clean activities.
[[0;32m  OK  [0m] Stopped Message of the Day.
         Stopping The Apache HTTP Server...
[[0;32m  OK  [0m] Stopped target Login Prompts.
         Stopping Serial Getty on ttyS0...
         Stopping Getty on tty1...
         Stopping System Logging Service...
         Stopping OpenBSD Secure Shell server...
[[0;32m  OK  [0m] Stopped Daily apt download activities.
[[0;32m  OK  [0m] Stopped target System Time Synchronized.
         Stopping User Manager for UID 1000...
[[0;32m  OK  [0m] Unmounted /var/lib/lxcfs.
[[0;32m  OK  [0m] Stopped Deferred execution scheduler.
[[0;32m  OK  [0m] Stopped Regular background program processing daemon.
[[0;32m  OK  [0m] Stopped Accounts Service.
[[0;32m  OK  [0m] Stopped System Logging Service.
[[0;32m  OK  [0m] Stopped Dispatcher daemon for systemd-networkd.
[[0;32m  OK  [0m] Stopped OpenBSD Secure Shell server.
[[0;32m  OK  [0m] Stopped Authorization Manager.
[[0;32m  OK  [0m] Stopped Serial Getty on ttyS0.
[[0;32m  OK  [0m] Stopped Getty on tty1.
[[0;32m  OK  [0m] Stopped User Manager for UID 1000.
[[0;32m  OK  [0m] Stopped Availability of block devices.
[[0;32m  OK  [0m] Stopped D-Bus System Message Bus.
[[0;32m  OK  [0m] Stopped The Apache HTTP Server.
[[0;32m  OK  [0m] Stopped FUSE filesystem for LXC.
[[0;32m  OK  [0m] Stopped Session 4 of user vagrant.
[[0;32m  OK  [0m] Stopped target Host and Network Name Lookups.
[[0;32m  OK  [0m] Removed slice User Slice of vagrant.
         Stopping Login Service...
[[0;32m  OK  [0m] Removed slice system-getty.slice.
[[0;32m  OK  [0m] Removed slice system-serial\x2dgetty.slice.
         Stopping Permit User Sessions...
[[0;32m  OK  [0m] Stopped target Login Prompts (Pre).
[[0;32m  OK  [0m] Stopped Login Service.
[[0;32m  OK  [0m] Stopped LXD - container startup/shutdown.
[[0;32m  OK  [0m] Stopped LSB: automatic crash report generation.
[[0;32m  OK  [0m] Stopped Permit User Sessions.
[[0;32m  OK  [0m] Stopped Virtualbox guest utils.
[[0;32m  OK  [0m] Stopped target Remote File Systems.
         Unmounting /vagrant...
         Unmounting /var/www/shared_content...
[[0;32m  OK  [0m] Stopped target User and Group Name Lookups.
[[0;32m  OK  [0m] Stopped LSB: Record successful boot for GRUB.
[[0;32m  OK  [0m] Stopped target Basic System.
[[0;32m  OK  [0m] Stopped target Paths.
[[0;32m  OK  [0m] Stopped ACPI Events Check.
[[0;32m  OK  [0m] Stopped target Slices.
[[0;32m  OK  [0m] Removed slice User and Session Slice.
[[0;32m  OK  [0m] Stopped target Sockets.
[[0;32m  OK  [0m] Closed UUID daemon activation socket.
[[0;32m  OK  [0m] Closed Syslog Socket.
[[0;32m  OK  [0m] Closed Socket activation for snappy daemon.
[[0;32m  OK  [0m] Closed D-Bus System Message Bus Socket.
[[0;32m  OK  [0m] Closed Open-iSCSI iscsid Socket.
[[0;32m  OK  [0m] Closed cloud-init hotplug hook socket.
[[0;32m  OK  [0m] Closed LXD - unix socket.
[[0;32m  OK  [0m] Closed ACPID Listen Socket.
[[0;32m  OK  [0m] Stopped target System Initialization.
         Stopping Update UTMP about System Boot/Shutdown...
         Stopping Load/Save Random Seed...
[[0;32m  OK  [0m] Stopped target Local Encrypted Volumes.
[[0;32m  OK  [0m] Stopped Dispatch Password Requests to Console Directory Watch.
[[0;32m  OK  [0m] Stopped Forward Password Requests to Wall Directory Watch.
[[0;32m  OK  [0m] Unmounted /vagrant.
[[0;32m  OK  [0m] Unmounted /var/www/shared_content.
[[0;32m  OK  [0m] Stopped Load/Save Random Seed.
[[0;32m  OK  [0m] Stopped Update UTMP about System Boot/Shutdown.
[[0;32m  OK  [0m] Stopped target Network is Online.
[[0;32m  OK  [0m] Stopped Initial cloud-init job (metadata service crawler).
[[0;32m  OK  [0m] Stopped target Network.
         Stopping Network Name Resolution...
[[0;32m  OK  [0m] Stopped target Remote File Systems (Pre).
[[0;32m  OK  [0m] Stopped Network Name Resolution.
         Stopping Network Service...
[[0;32m  OK  [0m] Stopped Create Volatile Files and Directories.
[[0;32m  OK  [0m] Stopped target Local File Systems.
[[0;32m  OK  [0m] Stopped target Mounted snaps.
[[0;32m  OK  [0m] Stopped target Mounting snaps.
         Unmounting /run/user/1000...
[[0;32m  OK  [0m] Unmounted /run/user/1000.
[[0;32m  OK  [0m] Reached target Unmount All Filesystems.
[[0;32m  OK  [0m] Stopped target Local File Systems (Pre).
[[0;32m  OK  [0m] Stopped Create Static Device Nodes in /dev.
         Stopping Monitoring of LVM2 mirrorsâ€¦ng dmeventd or progress polling...
[[0;32m  OK  [0m] Stopped target Swap.
[[0;32m  OK  [0m] Stopped Network Service.
[[0;32m  OK  [0m] Stopped Apply Kernel Variables.
[[0;32m  OK  [0m] Stopped Load Kernel Modules.
[[0;32m  OK  [0m] Stopped target Network (Pre).
[[0;32m  OK  [0m] Stopped Initial cloud-init job (pre-networking).
[[0;32m  OK  [0m] Stopped Remount Root and Kernel File Systems.
[[0;32m  OK  [0m] Reached target Shutdown.
[[0;32m  OK  [0m] Reached target Final Step.
         Starting Power-Off...
[[0;32m  OK  [0m] Stopped Monitoring of LVM2 mirrors,â€¦sing dmeventd or progress polling.
         Stopping LVM2 metadata daemon...
[[0;32m  OK  [0m] Stopped LVM2 metadata daemon.
[ 1312.928395] reboot: Power down
ors,â€¦sing dmeventd or progress polling.
         Stopping LVM2 metadata daemon...
[[0;32m  OK  [0m] Stopped LVM2 metadata daemon.
[ 1210.280208] reboot: Power down
